[{"stream_name":"stderr","time":6.423930321,"data":"/usr/local/lib/python3.12/dist-packages/nbformat/__init__.py:96: MissingIDFieldWarning: Cell is missing an id field, this will become a hard error in future nbformat versions. You may want to use `normalize()` on your notebooks before validations (available since nbformat 5.1.4). Previous versions of nbformat are fixing this issue transparently, and will stop doing so in the future.\n"}
,{"stream_name":"stderr","time":6.423970448,"data":"  validate(nb)\n"}
,{"stream_name":"stderr","time":7.236056563,"data":"0.00s - Debugger warning: It seems that frozen modules are being used, which may\n"}
,{"stream_name":"stderr","time":7.236079478,"data":"0.00s - make the debugger miss breakpoints. Please pass -Xfrozen_modules=off\n"}
,{"stream_name":"stderr","time":7.236084167,"data":"0.00s - to python to disable frozen modules.\n"}
,{"stream_name":"stderr","time":7.236087756,"data":"0.00s - Note: Debugging will proceed. Set PYDEVD_DISABLE_FILE_VALIDATION=1 to disable this validation.\n"}
,{"stream_name":"stderr","time":7.825306254,"data":"0.00s - Debugger warning: It seems that frozen modules are being used, which may\n"}
,{"stream_name":"stderr","time":7.825332835,"data":"0.00s - make the debugger miss breakpoints. Please pass -Xfrozen_modules=off\n"}
,{"stream_name":"stderr","time":7.825337279,"data":"0.00s - to python to disable frozen modules.\n"}
,{"stream_name":"stderr","time":7.825340884,"data":"0.00s - Note: Debugging will proceed. Set PYDEVD_DISABLE_FILE_VALIDATION=1 to disable this validation.\n"}
,{"stream_name":"stdout","time":16.359690152,"data":"GPU: Tesla T4 | count: 2\n"}
,{"stream_name":"stdout","time":16.359722868,"data":"\n"}
,{"stream_name":"stdout","time":16.359728061,"data":"[1/6] Rust toolchain...\n"}
,{"stream_name":"stdout","time":16.359732191,"data":"  Installing rustup...\n"}
,{"stream_name":"stdout","time":28.261848631,"data":"stable-x86_64-unknown-linux-gnu installed - rustc 1.99.0 (b940084d7 2026-09-28)\n"}
,{"stream_name":"stdout","time":28.261886356,"data":"\n"}
,{"stream_name":"stdout","time":28.261889397,"data":"\n"}
,{"stream_name":"stdout","time":28.26189164,"data":"Rust is installed now. Great!\n"}
,{"stream_name":"stdout","time":28.261894074,"data":"\n"}
,{"stream_name":"stdout","time":28.261896236,"data":"To get started you may need to restart your current shell.\n"}
,{"stream_name":"stdout","time":28.261898635,"data":"This would reload your PATH environment variable to include\n"}
,{"stream_name":"stdout","time":28.261919216,"data":"Cargo's bin directory ($HOME/.cargo/bin).\n"}
,{"stream_name":"stdout","time":28.261923167,"data":"\n"}
,{"stream_name":"stdout","time":28.261926641,"data":"To configure your current shell, you need to source the\n"}
,{"stream_name":"stdout","time":28.261929921,"data":"corresponding env file under $HOME/.cargo.\n"}
,{"stream_name":"stdout","time":28.261933474,"data":"\n"}
,{"stream_name":"stdout","time":28.261937546,"data":"Consider running the right command for your shell (note the leading DOT):\n"}
,{"stream_name":"stdout","time":28.261941268,"data":". \"$HOME/.cargo/env\" # For sh/ash/dash/pdksh/bash\n"}
,{"stream_name":"stdout","time":28.261944766,"data":"cargo:rerun-if-env-changed=CC_x86_64-unknown-linux-gnu\n"}
,{"stream_name":"stdout","time":28.261948184,"data":"CC_x86_64-unknown-linux-gnu = None\n"}
,{"stream_name":"stdout","time":28.261951501,"data":"cargo:rerun-if-env-changed=CC_x86_64_unknown_linux_gnu\n"}
,{"stream_name":"stdout","time":28.261954951,"data":"CC_x86_64_unknown_linux_gnu = None\n"}
,{"stream_name":"stdout","time":28.261958239,"data":"cargo:rerun-if-env-changed=HOST_CC\n"}
,{"stream_name":"stdout","time":28.261976438,"data":"HOST_CC = None\n"}
,{"stream_name":"stdout","time":28.261979112,"data":"cargo:rerun-if-env-changed=CC\n"}
,{"stream_name":"stdout","time":28.261981265,"data":"CC = None\n"}
,{"stream_name":"stdout","time":28.261983374,"data":"cargo:rerun-if-env-changed=CC_ENABLE_DEBUG_OUTPUT\n"}
,{"stream_name":"stdout","time":28.261985587,"data":"cargo:rerun-if-env-changed=CRATE_CC_NO_DEFAULTS\n"}
,{"stream_name":"stdout","time":28.261987744,"data":"CRATE_CC_NO_DEFAULTS = None\n"}
,{"stream_name":"stdout","time":28.261989896,"data":"cargo:rerun-if-env-changed=CFLAGS\n"}
,{"stream_name":"stdout","time":28.261992037,"data":"CFLAGS = None\n"}
,{"stream_name":"stdout","time":28.262009287,"data":"cargo:rerun-if-env-changed=HOST_CFLAGS\n"}
,{"stream_name":"stdout","time":28.262013129,"data":"HOST_CFLAGS = None\n"}
,{"stream_name":"stdout","time":28.262016589,"data":"cargo:rerun-if-env-changed=CFLAGS_x86_64_unknown_linux_gnu\n"}
,{"stream_name":"stdout","time":28.262020332,"data":"CFLAGS_x86_64_unknown_linux_gnu = None\n"}
,{"stream_name":"stdout","time":28.262024085,"data":"cargo:rerun-if-env-changed=CFLAGS_x86_64-unknown-linux-gnu\n"}
,{"stream_name":"stdout","time":28.262027355,"data":"CFLAGS_x86_64-unknown-linux-gnu = None\n"}
,{"stream_name":"stdout","time":28.262030415,"data":"info: downloading installer\n"}
,{"stream_name":"stdout","time":28.262033568,"data":"info: profile set to minimal\n"}
,{"stream_name":"stdout","time":28.262036727,"data":"info: default host tuple is x86_64-unknown-linux-gnu\n"}
,{"stream_name":"stdout","time":28.262040071,"data":"info: syncing channel updates for stable-x86_64-unknown-linux-gnu\n"}
,{"stream_name":"stdout","time":28.262043712,"data":"info: latest update on 2026-10-01 for version 1.99.0 (b940084d7 2026-09-28)\n"}
,{"stream_name":"stdout","time":28.26204699,"data":"info: downloading 3 components\n"}
,{"stream_name":"stdout","time":28.262050074,"data":"info: default toolchain set to stable-x86_64-unknown-linux-gnu\n"}
,{"stream_name":"stdout","time":28.262053285,"data":"cargo 1.99.0 (5f94df478 2026-08-27)\n"}
,{"stream_name":"stdout","time":28.262056702,"data":"rustup 1.29.1 (d95a37b6a 2026-08-13)\n"}
,{"stream_name":"stdout","time":28.262060279,"data":"info: This is the version for the rustup toolchain manager, not the rustc compiler.\n"}
,{"stream_name":"stdout","time":28.262063993,"data":"info: the currently active `rustc` version is `rustc 1.99.0 (b940084d7 2026-09-28)`\n"}
,{"stream_name":"stdout","time":28.262067747,"data":"  Rust: OK\n"}
,{"stream_name":"stdout","time":28.262071268,"data":"\n"}
,{"stream_name":"stdout","time":28.262074638,"data":"[2/6] Installing maturin...\n"}
,{"stream_name":"stdout","time":33.286857319,"data":"━━━━━━━━━━━━━━━━━━━━━━━━━━━━━━━━━━━━━━━━ 10.5/10.5 MB 50.2 MB/s eta 0:00:00\n"}
,{"stream_name":"stdout","time":33.286892568,"data":"maturin 1.15.0\n"}
,{"stream_name":"stdout","time":33.286897917,"data":"  maturin: OK\n"}
,{"stream_name":"stdout","time":33.28690228,"data":"\n"}
,{"stream_name":"stdout","time":33.286906171,"data":"[3/6] Cloning DeepFilterNet v0.5.6 source...\n"}
,{"stream_name":"stdout","time":36.774328317,"data":"Cloning into '/kaggle/temp/DeepFilterNet-src'...\n"}
,{"stream_name":"stdout","time":36.774365533,"data":"Note: switching to '978576aa8400552a4ce9730838c635aa30db5e61'.\n"}
,{"stream_name":"stdout","time":36.774370975,"data":"\n"}
,{"stream_name":"stdout","time":36.774374739,"data":"You are in 'detached HEAD' state. You can look around, make experimental\n"}
,{"stream_name":"stdout","time":36.774428406,"data":"changes and commit them, and you can discard any commits you make in this\n"}
,{"stream_name":"stdout","time":36.774433484,"data":"state without impacting any branches by switching back to a branch.\n"}
,{"stream_name":"stdout","time":36.774437583,"data":"\n"}
,{"stream_name":"stdout","time":36.774441548,"data":"If you want to create a new branch to retain commits you create, you may\n"}
,{"stream_name":"stdout","time":36.774445324,"data":"do so (now or later) by using -c with the switch command. Example:\n"}
,{"stream_name":"stdout","time":36.774448922,"data":"\n"}
,{"stream_name":"stdout","time":36.774452602,"data":"  git switch -c \u003cnew-branch-name\u003e\n"}
,{"stream_name":"stdout","time":36.774456318,"data":"\n"}
,{"stream_name":"stdout","time":36.774459662,"data":"Or undo this operation with:\n"}
,{"stream_name":"stdout","time":36.774463078,"data":"\n"}
,{"stream_name":"stdout","time":36.774521879,"data":"  git switch -\n"}
,{"stream_name":"stdout","time":36.774544315,"data":"\n"}
,{"stream_name":"stdout","time":36.774551328,"data":"Turn off this advice by setting config variable advice.detachedHead to false\n"}
,{"stream_name":"stdout","time":36.774555068,"data":"  Source: /kaggle/temp/DeepFilterNet-src\n"}
,{"stream_name":"stdout","time":36.774559071,"data":"\n"}
,{"stream_name":"stdout","time":36.774562721,"data":"[4/6] Patching pyDF/pyproject.toml for maturin\u003e=1.0...\n"}
,{"stream_name":"stdout","time":36.774566432,"data":"  pyproject.toml patched:\n"}
,{"stream_name":"stdout","time":36.77457041,"data":"    requires = [\"maturin\u003e=1.0,\u003c2.0\"]\n"}
,{"stream_name":"stdout","time":36.774574316,"data":"    build-backend = \"maturin\"\n"}
,{"stream_name":"stdout","time":36.77457786,"data":"    [tool.maturin]\n"}
,{"stream_name":"stdout","time":36.774582031,"data":"\n"}
,{"stream_name":"stdout","time":36.774585726,"data":"[5/6] Building deepfilterlib (Rust → cp312 wheel, ~5-8 min)...\n"}
,{"stream_name":"stdout","time":114.618513483,"data":"e \u003chttps://doc.rust-lang.org/nightly/rustc/check-cfg/cargo-specifics.html\u003e for more information about checking conditional configuration\n"}
,{"stream_name":"stdout","time":114.618549288,"data":"   = note: `#[warn(unexpected_cfgs)]` on by default\n"}
,{"stream_name":"stdout","time":114.618553464,"data":"\n"}
,{"stream_name":"stdout","time":114.618556464,"data":"warning: use of deprecated constant `std::f32::MIN`: replaced by the `MIN` associated constant on `f32`\n"}
,{"stream_name":"stdout","time":114.618559731,"data":"   --\u003e libDF/src/lib.rs:539:30\n"}
,{"stream_name":"stdout","time":114.61857564499999,"data":"    |\n"}
,{"stream_name":"stdout","time":114.618581659,"data":"539 |     let mut high = std::f32::MIN;\n"}
,{"stream_name":"stdout","time":114.618586385,"data":"    |                              ^^^\n"}
,{"stream_name":"stdout","time":114.618591292,"data":"    |\n"}
,{"stream_name":"stdout","time":114.618596018,"data":"    = note: `#[warn(deprecated)]` on by default\n"}
,{"stream_name":"stdout","time":114.618600218,"data":"\n"}
,{"stream_name":"stdout","time":114.61860426,"data":"warning: use of deprecated constant `std::f32::MIN`: replaced by the `MIN` associated constant on `f32`\n"}
,{"stream_name":"stdout","time":114.618608705,"data":"   --\u003e libDF/src/lib.rs:554:30\n"}
,{"stream_name":"stdout","time":114.618612798,"data":"    |\n"}
,{"stream_name":"stdout","time":114.618616747,"data":"554 |     let mut high = std::f32::MIN;\n"}
,{"stream_name":"stdout","time":114.618620844,"data":"    |                              ^^^\n"}
,{"stream_name":"stdout","time":114.618633218,"data":"\n"}
,{"stream_name":"stdout","time":114.618636476,"data":"   Compiling numpy v0.19.0\n"}
,{"stream_name":"stdout","time":114.6186415,"data":"warning: `deep_filter` (lib) generated 3 warnings\n"}
,{"stream_name":"stdout","time":114.618648164,"data":"   Compiling DeepFilterLib v0.5.6 (/kaggle/temp/DeepFilterNet-src/pyDF)\n"}
,{"stream_name":"stdout","time":114.61865045,"data":"warning: non-local `impl` definition, `impl` blocks should be written at the same level as their item\n"}
,{"stream_name":"stdout","time":114.61865268,"data":"  --\u003e pyDF/src/lib.rs:19:1\n"}
,{"stream_name":"stdout","time":114.618654959,"data":"   |\n"}
,{"stream_name":"stdout","time":114.618657012,"data":"19 | #[pymethods]\n"}
,{"stream_name":"stdout","time":114.618659568,"data":"   | -^^^^^^^^^^^\n"}
,{"stream_name":"stdout","time":114.618673209,"data":"   | |\n"}
,{"stream_name":"stdout","time":114.618676994,"data":"   | `PyClassImplCollector` is not local\n"}
,{"stream_name":"stdout","time":114.618681275,"data":"   | `PyClassNewTextSignature` is not local\n"}
,{"stream_name":"stdout","time":114.618684741,"data":"   | move the `impl` block outside of this function `trampoline` and up 4 bodies\n"}
,{"stream_name":"stdout","time":114.618688851,"data":"20 | #[allow(clippy::upper_case_acronyms)]\n"}
,{"stream_name":"stdout","time":114.618692489,"data":"21 | impl DF {\n"}
,{"stream_name":"stdout","time":114.618695764,"data":"   |      --\n"}
,{"stream_name":"stdout","time":114.618698979,"data":"   |      |\n"}
,{"stream_name":"stdout","time":114.618702159,"data":"   |      `DF` is not local\n"}
,{"stream_name":"stdout","time":114.618705374,"data":"   |      `DF` is not local\n"}
,{"stream_name":"stdout","time":114.618708598,"data":"   |\n"}
,{"stream_name":"stdout","time":114.618711766,"data":"   = note: the attribute macro `pymethods` defines the non-local `impl`, and may need to be changed\n"}
,{"stream_name":"stdout","time":114.618715274,"data":"   = note: the attribute macro `pymethods` may come from an old version of the `pyo3_macros` crate, try updating your dependency with `cargo update -p pyo3_macros`\n"}
,{"stream_name":"stdout","time":114.618718973,"data":"   = note: an `impl` is never scoped, even when it is nested inside an item, as it may impact type checking outside of that item, which can be the case if neither the trait or the self type are at the same nesting level as the `impl`\n"}
,{"stream_name":"stdout","time":114.618722853,"data":"   = note: `#[warn(non_local_definitions)]` on by default\n"}
,{"stream_name":"stdout","time":114.618726162,"data":"   = note: this warning originates in the attribute macro `pymethods` (in Nightly builds, run with -Z macro-backtrace for more info)\n"}
,{"stream_name":"stdout","time":114.618729665,"data":"\n"}
,{"stream_name":"stdout","time":114.618734674,"data":"warning: hiding a lifetime that's elided elsewhere is confusing\n"}
,{"stream_name":"stdout","time":114.618738008,"data":"   --\u003e pyDF/src/lib.rs:302:27\n"}
,{"stream_name":"stdout","time":114.618741325,"data":"    |\n"}
,{"stream_name":"stdout","time":114.618746395,"data":"302 |     fn unit_norm_init(py: Python, num_freq_bins: usize) -\u003e PyResult\u003c\u0026PyArray2\u003cf32\u003e\u003e {\n"}
,{"stream_name":"stdout","time":114.618752932,"data":"    |                           ^^^^^^ the lifetime is hidden here        ^^^^^^^^^^^^^^ the same lifetime is elided here\n"}
,{"stream_name":"stdout","time":114.618755805,"data":"    |\n"}
,{"stream_name":"stdout","time":114.618768607,"data":"    = help: the same lifetime is referred to in inconsistent ways, making the signature confusing\n"}
,{"stream_name":"stdout","time":114.618776807,"data":"    = note: `#[warn(mismatched_lifetime_syntaxes)]` on by default\n"}
,{"stream_name":"stdout","time":114.618780981,"data":"help: use `'_` for type paths\n"}
,{"stream_name":"stdout","time":114.618784825,"data":"    |\n"}
,{"stream_name":"stdout","time":114.618788135,"data":"302 |     fn unit_norm_init(py: Python\u003c'_\u003e, num_freq_bins: usize) -\u003e PyResult\u003c\u0026PyArray2\u003cf32\u003e\u003e {\n"}
,{"stream_name":"stdout","time":114.618792044,"data":"    |                                 ++++\n"}
,{"stream_name":"stdout","time":114.618795264,"data":"\n"}
,{"stream_name":"stdout","time":114.618798348,"data":"warning: `DeepFilterLib` (lib) generated 2 warnings (run `cargo fix --lib -p DeepFilterLib` to apply 1 suggestion)\n"}
,{"stream_name":"stdout","time":114.618801802,"data":"    Finished `release` profile [optimized] target(s) in 24.71s\n"}
,{"stream_name":"stdout","time":114.618805135,"data":"📖 Found type stub file at libdf.pyi\n"}
,{"stream_name":"stdout","time":114.618809214,"data":"📦 Built wheel for CPython 3.12 to /kaggle/temp/df_wheels/deepfilterlib-0.5.6-cp312-cp312-manylinux_2_35_x86_64.whl\n"}
,{"stream_name":"stdout","time":114.618812664,"data":"  Built wheel: deepfilterlib-0.5.6-cp312-cp312-manylinux_2_35_x86_64.whl\n"}
,{"stream_name":"stdout","time":115.776350072,"data":"  deepfilterlib: INSTALLED\n"}
,{"stream_name":"stdout","time":115.776381165,"data":"libdf import OK\n"}
,{"stream_name":"stdout","time":115.776386117,"data":"\n"}
,{"stream_name":"stdout","time":115.77638951,"data":"[6/6] Installing remaining packages...\n"}
,{"stream_name":"stdout","time":117.210095967,"data":"━━━━━━━━━━━━━━━━━━━━━━━━━━━━━━━━━━━━━━━━ 113.2/113.2 kB 5.8 MB/s eta 0:00:00\n"}
,{"stream_name":"stdout","time":121.739288518,"data":"━━━━━━━━━━━━━━━━━━━━━━━━━━━━━━━━━━━━━━━━ 3.9/3.9 MB 16.5 MB/s eta 0:00:00\n"}
,{"stream_name":"stdout","time":121.739323636,"data":"   ━━━━━━━━━━━━━━━━━━━━━━━━━━━━━━━━━━━━━━━━ 61.6/61.6 kB 3.3 MB/s eta 0:00:00\n"}
,{"stream_name":"stdout","time":121.739328813,"data":"   ━━━━━━━━━━━━━━━━━━━━━━━━━━━━━━━━━━━━━━━━ 53.0/53.0 kB 2.6 MB/s eta 0:00:00\n"}
,{"stream_name":"stdout","time":121.739333076,"data":"ERROR: pip's dependency resolver does not currently take into account all the packages that are installed. This behaviour is the source of the following dependency conflicts.\n"}
,{"stream_name":"stdout","time":121.739336811,"data":"google-adk 1.29.0 requires google-cloud-bigquery-storage\u003e=2.0.0, which is not installed.\n"}
,{"stream_name":"stdout","time":121.739340525,"data":"deepfilternet 0.5.6 requires numpy\u003c2.0,\u003e=1.22, but you have numpy 2.0.2 which is incompatible.\n"}
,{"stream_name":"stdout","time":121.739345046,"data":"ray 2.55.1 requires packaging\u003e=24.2, but you have packaging 23.2 which is incompatible.\n"}
,{"stream_name":"stdout","time":121.739349626,"data":"build 1.5.0 requires packaging\u003e=24.0, but you have packaging 23.2 which is incompatible.\n"}
,{"stream_name":"stdout","time":121.73935328499999,"data":"google-colab 1.0.0 requires jupyter-server==2.14.0, but you have jupyter-server 2.12.5 which is incompatible.\n"}
,{"stream_name":"stdout","time":121.739356928,"data":"google-colab 1.0.0 requires pandas==2.2.2, but you have pandas 2.3.3 which is incompatible.\n"}
,{"stream_name":"stdout","time":121.73936078,"data":"bigquery-magics 0.14.0 requires packaging\u003e=24.2.0, but you have packaging 23.2 which is incompatible.\n"}
,{"stream_name":"stdout","time":121.739372858,"data":"google-cloud-bigquery 3.41.0 requires packaging\u003e=24.2.0, but you have packaging 23.2 which is incompatible.\n"}
,{"stream_name":"stdout","time":121.739377163,"data":"wheel 0.47.0 requires packaging\u003e=24.0, but you have packaging 23.2 which is incompatible.\n"}
,{"stream_name":"stdout","time":121.739381512,"data":"xarray 2025.12.0 requires packaging\u003e=24.1, but you have packaging 23.2 which is incompatible.\n"}
,{"stream_name":"stdout","time":121.739385927,"data":"db-dtypes 1.5.1 requires packaging\u003e=24.2.0, but you have packaging 23.2 which is incompatible.\n"}
,{"stream_name":"stdout","time":122.000742598,"data":"torchaudio compat shim: OK\n"}
,{"stream_name":"stdout","time":126.416381601,"data":"numpy=2.0.2 torch=2.10.0+cu128\n"}
,{"stream_name":"stdout","time":126.416429814,"data":"All imports: OK\n"}
,{"stream_name":"stdout","time":613.634101221,"data":"Dataset discovered at /kaggle/input/datasets/shreyasdivekar/anc-sih-training-data\n"}
,{"stream_name":"stdout","time":613.634187913,"data":"Manifests: ['._clean_train.csv', '._clean_val.csv', '._noise_train_v2.csv', '._noise_val_v2.csv', '._rir_train.csv', '._rir_val.csv', 'clean_train.csv', 'clean_val.csv', 'noise_train_v2.csv', 'noise_val_v2.csv', 'rir_train.csv', 'rir_val.csv']\n"}
,{"stream_name":"stdout","time":613.634197365,"data":"HK safe_save_file patch applied successfully!\n"}
,{"stream_name":"stdout","time":614.426647545,"data":"\u001b[32m2026-10-02 02:17:16\u001b[0m | \u001b[1mINFO    \u001b[0m | \u001b[36mDF\u001b[0m | \u001b[1mRunning on torch 2.10.0+cu128\u001b[0m\n"}
,{"stream_name":"stdout","time":614.427786251,"data":"\u001b[32m2026-10-02 02:17:16\u001b[0m | \u001b[1mINFO    \u001b[0m | \u001b[36mDF\u001b[0m | \u001b[1mRunning on host d6d23ef37615\u001b[0m\n"}
,{"stream_name":"stderr","time":614.432852199,"data":"fatal: not a git repository (or any of the parent directories): .git\n"}
,{"stream_name":"stdout","time":614.448099504,"data":"\u001b[32m2026-10-02 02:17:16\u001b[0m | \u001b[1mINFO    \u001b[0m | \u001b[36mDF\u001b[0m | \u001b[1mLoading model settings of DeepFilterNet3\u001b[0m\n"}
,{"stream_name":"stdout","time":614.45308738,"data":"\u001b[32m2026-10-02 02:17:16\u001b[0m | \u001b[1mINFO    \u001b[0m | \u001b[36mDF\u001b[0m | \u001b[1mInitializing model `deepfilternet3`\u001b[0m\n"}
,{"stream_name":"stderr","time":614.63552131,"data":"fatal: not a git repository (or any of the parent directories): .git\n"}
,{"stream_name":"stderr","time":614.635565073,"data":"\n"}
,{"stream_name":"stderr","time":614.635569696,"data":"fatal: not a git repository (or any of the parent directories): .git\n"}
,{"stream_name":"stdout","time":615.029465161,"data":"\u001b[32m2026-10-02 02:17:17\u001b[0m | \u001b[1mINFO    \u001b[0m | \u001b[36mDF\u001b[0m | \u001b[1mFound checkpoint /root/.cache/DeepFilterNet/DeepFilterNet3/checkpoints/model_120.ckpt.best with epoch 120\u001b[0m\n"}
,{"stream_name":"stdout","time":615.073625002,"data":"\u001b[32m2026-10-02 02:17:17\u001b[0m | \u001b[1mINFO    \u001b[0m | \u001b[36mDF\u001b[0m | \u001b[1mRunning on device cuda:0\u001b[0m\n"}
,{"stream_name":"stdout","time":615.074452589,"data":"\u001b[32m2026-10-02 02:17:17\u001b[0m | \u001b[1mINFO    \u001b[0m | \u001b[36mDF\u001b[0m | \u001b[1mModel loaded\u001b[0m\n"}
,{"stream_name":"stdout","time":615.128979724,"data":"DeepFilterNet3 SR=48000\n"}
,{"stream_name":"stdout","time":615.128998935,"data":"HK round-trip: PASSED\n"}
,{"stream_name":"stdout","time":615.129003448,"data":"Using DataParallel across 2 GPUs\n"}
,{"stream_name":"stdout","time":615.773956249,"data":"Train clean=24908 noise=3187 rir=48960\n"}
,{"stream_name":"stdout","time":615.773997511,"data":"Val   clean=3137  noise=590  rir=6000\n"}
,{"stream_name":"stdout","time":615.774018094,"data":"Train samples: 2400  Val samples: 256\n"}
,{"stream_name":"stdout","time":615.774021067,"data":"Sample keys=['clean', 'noisy'] noisy.shape=torch.Size([1, 96000])\n"}
,{"stream_name":"stdout","time":696.175489767,"data":"[epoch 1/3] step=    25  loss=0.00286  elapsed=75s\n"}
,{"stream_name":"stdout","time":763.949290394,"data":"[epoch 1/3] step=    50  loss=0.00284  elapsed=143s\n"}
,{"stream_name":"stdout","time":838.442670119,"data":"[epoch 1/3] step=    75  loss=0.00284  elapsed=217s\n"}
,{"stream_name":"stdout","time":902.577551309,"data":"[epoch 1/3] step=   100  loss=0.00283  elapsed=282s\n"}
,{"stream_name":"stdout","time":971.717985052,"data":"[epoch 1/3] step=   125  loss=0.00282  elapsed=351s\n"}
,{"stream_name":"stdout","time":1034.261555695,"data":"[epoch 1/3] step=   150  loss=0.00282  elapsed=413s\n"}
,{"stream_name":"stdout","time":1034.306453674,"data":"Saved HK checkpoint: /kaggle/working/deepfilternet3_hknt/epoch-1.hk\n"}
,{"stream_name":"stdout","time":1034.30650369,"data":"=== Epoch 1 complete: {'epoch': 1, 'mean_train_loss': 0.0028230859246104957, 'steps': 150} ===\n"}
,{"stream_name":"stdout","time":1096.676731046,"data":"[epoch 2/3] step=   175  loss=0.00286  elapsed=62s\n"}
,{"stream_name":"stdout","time":1156.037273578,"data":"[epoch 2/3] step=   200  loss=0.00284  elapsed=122s\n"}
,{"stream_name":"stdout","time":1225.302526342,"data":"[epoch 2/3] step=   225  loss=0.00285  elapsed=191s\n"}
,{"stream_name":"stdout","time":1292.558107771,"data":"[epoch 2/3] step=   250  loss=0.00284  elapsed=258s\n"}
,{"stream_name":"stdout","time":1351.319999255,"data":"[epoch 2/3] step=   275  loss=0.00283  elapsed=317s\n"}
,{"stream_name":"stdout","time":1422.379021263,"data":"[epoch 2/3] step=   300  loss=0.00282  elapsed=388s\n"}
,{"stream_name":"stdout","time":1422.496849137,"data":"Saved HK checkpoint: /kaggle/working/deepfilternet3_hknt/epoch-2.hk\n"}
,{"stream_name":"stdout","time":1422.496912841,"data":"=== Epoch 2 complete: {'epoch': 2, 'mean_train_loss': 0.002818772429600358, 'steps': 150} ===\n"}
,{"stream_name":"stdout","time":1482.427967214,"data":"[epoch 3/3] step=   325  loss=0.00274  elapsed=60s\n"}
,{"stream_name":"stdout","time":1539.629944215,"data":"[epoch 3/3] step=   350  loss=0.00275  elapsed=117s\n"}
,{"stream_name":"stdout","time":1598.149242383,"data":"[epoch 3/3] step=   375  loss=0.00277  elapsed=176s\n"}
,{"stream_name":"stdout","time":1660.691005941,"data":"[epoch 3/3] step=   400  loss=0.00277  elapsed=238s\n"}
,{"stream_name":"stdout","time":1727.615023806,"data":"[epoch 3/3] step=   425  loss=0.00278  elapsed=305s\n"}
,{"stream_name":"stdout","time":1786.030508273,"data":"[epoch 3/3] step=   450  loss=0.00278  elapsed=364s\n"}
,{"stream_name":"stdout","time":1786.206909114,"data":"Saved HK checkpoint: /kaggle/working/deepfilternet3_hknt/epoch-3.hk\n"}
,{"stream_name":"stdout","time":1786.206943876,"data":"=== Epoch 3 complete: {'epoch': 3, 'mean_train_loss': 0.0027756198790545267, 'steps': 150} ===\n"}
,{"stream_name":"stdout","time":1786.208364998,"data":"Training complete.\n"}
,{"stream_name":"stdout","time":1839.919550398,"data":"Final validation loss: 0.00237\n"}
,{"stream_name":"stdout","time":1839.919595213,"data":"Saved HK checkpoint: /kaggle/working/deepfilternet3_hknt/model.hk\n"}
,{"stream_name":"stdout","time":1839.919602358,"data":"Final model HK round-trip: PASSED\n"}
,{"stream_name":"stdout","time":1839.91960734,"data":"{\n"}
,{"stream_name":"stdout","time":1839.919612203,"data":"  \"architecture\": \"DeepFilterNet3\",\n"}
,{"stream_name":"stdout","time":1839.919617178,"data":"  \"container_format\": \"HK (hknt 1.1.0)\",\n"}
,{"stream_name":"stdout","time":1839.919629017,"data":"  \"framework\": \"PyTorch + HKNT\",\n"}
,{"stream_name":"stdout","time":1839.919632583,"data":"  \"sample_rate\": 48000,\n"}
,{"stream_name":"stdout","time":1839.919635933,"data":"  \"epochs\": 3,\n"}
,{"stream_name":"stdout","time":1839.919641065,"data":"  \"train_examples_per_epoch\": 2400,\n"}
,{"stream_name":"stdout","time":1839.919647352,"data":"  \"validation_examples\": 256,\n"}
,{"stream_name":"stdout","time":1839.919649768,"data":"  \"final_validation_loss\": 0.0023701639693172183,\n"}
,{"stream_name":"stdout","time":1839.919652057,"data":"  \"history\": [\n"}
,{"stream_name":"stdout","time":1839.919654268,"data":"    {\n"}
,{"stream_name":"stdout","time":1839.919656344,"data":"      \"epoch\": 1,\n"}
,{"stream_name":"stdout","time":1839.919658518,"data":"      \"mean_train_loss\": 0.0028230859246104957,\n"}
,{"stream_name":"stdout","time":1839.919660844,"data":"      \"steps\": 150\n"}
,{"stream_name":"stdout","time":1839.91966295,"data":"    },\n"}
,{"stream_name":"stdout","time":1839.919665001,"data":"    {\n"}
,{"stream_name":"stdout","time":1839.919667046,"data":"      \"epoch\": 2,\n"}
,{"stream_name":"stdout","time":1839.919669189,"data":"      \"mean_train_loss\": 0.002818772429600358,\n"}
,{"stream_name":"stdout","time":1839.919671403,"data":"      \"steps\": 150\n"}
,{"stream_name":"stdout","time":1839.919673555,"data":"    },\n"}
,{"stream_name":"stdout","time":1839.919675611,"data":"    {\n"}
,{"stream_name":"stdout","time":1839.919677677,"data":"      \"epoch\": 3,\n"}
,{"stream_name":"stdout","time":1839.919680673,"data":"      \"mean_train_loss\": 0.0027756198790545267,\n"}
,{"stream_name":"stdout","time":1839.919696313,"data":"      \"steps\": 150\n"}
,{"stream_name":"stdout","time":1839.919700333,"data":"    }\n"}
,{"stream_name":"stdout","time":1839.919704449,"data":"  ],\n"}
,{"stream_name":"stdout","time":1839.919708594,"data":"  \"gpus\": [\n"}
,{"stream_name":"stdout","time":1839.91971196,"data":"    \"Tesla T4\",\n"}
,{"stream_name":"stdout","time":1839.919715707,"data":"    \"Tesla T4\"\n"}
,{"stream_name":"stdout","time":1839.919719622,"data":"  ],\n"}
,{"stream_name":"stdout","time":1839.919723156,"data":"  \"hk_roundtrip\": \"strict load passed\",\n"}
,{"stream_name":"stdout","time":1839.919727407,"data":"  \"output_files\": [\n"}
,{"stream_name":"stdout","time":1839.919731313,"data":"    \"/kaggle/working/deepfilternet3_hknt/pretrained_reference.hk\",\n"}
,{"stream_name":"stdout","time":1839.919734776,"data":"    \"/kaggle/working/deepfilternet3_hknt/epoch-1.hk\",\n"}
,{"stream_name":"stdout","time":1839.919738227,"data":"    \"/kaggle/working/deepfilternet3_hknt/epoch-2.hk\",\n"}
,{"stream_name":"stdout","time":1839.919741664,"data":"    \"/kaggle/working/deepfilternet3_hknt/epoch-3.hk\",\n"}
,{"stream_name":"stdout","time":1839.919745066,"data":"    \"/kaggle/working/deepfilternet3_hknt/model.hk\"\n"}
,{"stream_name":"stdout","time":1839.919748544,"data":"  ]\n"}
,{"stream_name":"stdout","time":1839.919751749,"data":"}\n"}
,{"stream_name":"stdout","time":1839.91975558,"data":"\n"}
,{"stream_name":"stdout","time":1839.919759901,"data":"All outputs saved to: /kaggle/working/deepfilternet3_hknt\n"}
,{"stream_name":"stderr","time":1846.591401845,"data":"/usr/local/lib/python3.12/dist-packages/mistune.py:435: SyntaxWarning: invalid escape sequence '\\|'\n"}
,{"stream_name":"stderr","time":1846.591458587,"data":"  cells[i][c] = re.sub('\\\\\\\\\\|', '|', cell)\n"}
,{"stream_name":"stderr","time":1846.780282693,"data":"/usr/local/lib/python3.12/dist-packages/nbconvert/filters/filter_links.py:36: SyntaxWarning: invalid escape sequence '\\_'\n"}
,{"stream_name":"stderr","time":1846.780341503,"data":"  text = re.sub(r'_', '\\_', text) # Escape underscores in display text\n"}
,{"stream_name":"stderr","time":1847.416237628,"data":"[NbConvertApp] Converting notebook __notebook__.ipynb to notebook\n"}
,{"stream_name":"stderr","time":1847.717123768,"data":"[NbConvertApp] Writing 45477 bytes to __notebook__.ipynb\n"}
,{"stream_name":"stderr","time":1850.057428974,"data":"[NbConvertApp] Converting notebook __notebook__.ipynb to html\n"}
,{"stream_name":"stderr","time":1850.959835927,"data":"[NbConvertApp] Writing 405758 bytes to __results__.html\n"}
]